2025-09-07 10:18:09 [    INFO] tools.py:44 - __init__(): Things tools initialized without tag validation (backward compatibility mode)
2025-09-07 10:18:09 [    INFO] tools.py:46 - __init__(): Things tools initialized with advanced move operations
2025-09-07 10:18:09 [   DEBUG] selector_events.py:64 - __init__(): Using selector: KqueueSelector
2025-09-07 10:18:09 [   DEBUG] selector_events.py:64 - __init__(): Using selector: KqueueSelector
2025-09-07 10:18:09 [    INFO] tools.py:2154 - get_tags(): Retrieved 2 tags with counts in single call
2025-09-07 10:18:09 [    INFO] tools.py:44 - __init__(): Things tools initialized without tag validation (backward compatibility mode)
2025-09-07 10:18:09 [    INFO] tools.py:46 - __init__(): Things tools initialized with advanced move operations
2025-09-07 10:18:09 [   DEBUG] selector_events.py:64 - __init__(): Using selector: KqueueSelector
2025-09-07 10:18:09 [    INFO] tools.py:2154 - get_tags(): Retrieved 2 tags with counts in single call
